// 同步 ID: a109a80e @ Tue Jul 28 21:39:24 UTC 2026
// 同步 ID: 93f859c3 @ Wed Jul 29 05:16:39 UTC 2026
// 重构日志: 393386f3
// 重构日志: 8a562657
// 重构日志: 509c4656
// 重构日志: fed63de3
// 同步 ID: 428702b0 @ Fri Jul 31 15:39:10 UTC 2026
// 重构日志: 6f61a065
// 重构日志: fa048d07
// 重构日志: be2c75ff
// 重构日志: 2b1395c4
// 重构日志: 050df972
// 同步 ID: 154d60d3 @ Sun Aug  2 13:03:59 UTC 2026
// 重构日志: ea4019a6
// 重构日志: 41bddb00
// 同步 ID: 97db5c88 @ Sun Aug  2 22:39:51 UTC 2026
// 同步 ID: 0c97fc95 @ Mon Aug  3 05:16:35 UTC 2026
// 同步 ID: b7f563dc @ Mon Aug  3 08:31:08 UTC 2026
// 重构日志: 0d9618f8
// 重构日志: 30025c12
// 重构日志: 02321d9f
// 同步 ID: 7375f4f7 @ Thu Aug  6 13:35:56 UTC 2026
// 同步 ID: 02a3257b @ Fri Aug  7 04:13:21 UTC 2026
// 同步 ID: f76d5e3c @ Fri Aug  7 06:08:40 UTC 2026
// 同步 ID: df41f895 @ Fri Aug  7 10:30:59 UTC 2026
// 重构日志: 71fbbf36
// 重构日志: a7c1c325
// 同步 ID: e5fc7b83 @ Fri Aug  7 17:40:39 UTC 2026
// 同步 ID: d5375814 @ Fri Aug  7 21:37:43 UTC 2026
// 同步 ID: 2ff80930 @ Sat Aug  8 04:41:51 UTC 2026
